{smcl}
{com}{sf}{ul off}{txt}{.-}
      name:  {res}<unnamed>
       {txt}log:  {res}/Users/christinasun/Library/CloudStorage/Dropbox/github_repos/belief_distortion/analysis/log_files/pilot/clean_pilot4_5.smcl
  {txt}log type:  {res}smcl
 {txt}opened on:  {res}21 Feb 2024, 18:24:37
{txt}
{com}. 
. graph drop _all
{txt}
{com}. set more off
{txt}
{com}. set varabbrev off
{txt}
{com}. set graphics off
{txt}
{com}. set scheme s1color
{txt}
{com}. set seed 1984
{txt}
{com}. 
. foreach pilotnum in 4 5 {c -(}
{txt}  2{com}.     import delimited $datadir/raw/pilot_`pilotnum'_import_ready.csv, varnames(1) clear
{txt}  3{com}. 
.     //-----------------------------------------------------
.     // initial cleaning
.     //-----------------------------------------------------
. 
.     //-----------drop observations-------------
.     // drop obs missing prolific id
.     drop if prolific_pid == ""
{txt}  4{com}.     // drop obs who declined consent
.     drop if q4 == "No, I do not wish to participate in this study"
{txt}  5{com}.     // drop likely duplicates
.     keep if q_relevantidduplicatescore < 75
{txt}  6{com}.     // drop obs that are likely bots
.     drop if q_relevantidfraudscore >= 30
{txt}  7{com}.     drop if q_recaptchascore <= 0.5
{txt}  8{com}.     // drop if failed quiz
.     keep if quiz_failed==0
{txt}  9{com}.     // keep if finished
.     keep if finished == "TRUE"
{txt} 10{com}. 
.     //----------- drop variables --------------
. 
.     // drop all timing data
.     drop *click *pagesubmit *clickcount
{txt} 11{com}.     // drop all questions except demographics and embedded data
.     drop q_relevantidlaststartdate - which_not_understand
{txt} 12{com}.     // drop practice rounds embedded data
.     drop current* practice* chosen*
{txt} 13{com}. 
.     // drop other survey admin variables
.     drop startdate - progress finished userlanguage - q_relevantidfraudscore distributionchannel
{txt} 14{com}. 
.     // pilot4 already has a built in embedded data field for quiz_failed, calculate total errors
.     gen quiz_errors_total = 0
{txt} 15{com}.     forvalues quiznum = 1/9 {c -(}
{txt} 16{com}.         replace quiz_errors_total = quiz_errors_total + errors_quiz_q`quiznum'
{txt} 17{com}.     {c )-}
{txt} 18{com}. 
.     // drop round 11 and 12, only 10 rounds in pilot4
.     drop *loop11 *loop12 *round11 *round12
{txt} 19{com}. 
.     // calculate game winner bonuses
.     gsort -invest_score
{txt} 20{com}.     gen earned_game_bonus = 0
{txt} 21{com}.     sum win_bonus
{txt} 22{com}.     replace earned_game_bonus = r(max) if _n <= 3
{txt} 23{com}.     gen earned_bonus_all = earned_game_bonus + earned_belief_bonus + earned_invest_bonus
{txt} 24{com}.     // export investment game score to csv
.     preserve 
{txt} 25{com}.     keep responseid prolific_pid invest_score earned_bonus_all earned_game_bonus earned_belief_bonus earned_invest_bonus 
{txt} 26{com}.     export delimited using $datadir/clean/pilot`pilotnum'_bonus.csv, replace 
{txt} 27{com}.     restore
{txt} 28{com}. 
.     // reshape into long format for analysis
.     reshape long treat_loop task_id_loop ///
>         guess_1_a_round guess_1_b_round ///
>         actual_red_a_round actual_red_b_round ///
>         guess_2_a_round guess_2_b_round ///
>         invest_round success_round, i(responseid) j(round)
{txt} 29{com}. 
.     rename guess_1_a_round guess_1_a 
{txt} 30{com}.     rename guess_1_b_round guess_1_b
{txt} 31{com}.     rename actual_red_a_round actual_red_a
{txt} 32{com}.     rename actual_red_b_round actual_red_b
{txt} 33{com}.     rename guess_2_a_round guess_2_a 
{txt} 34{com}.     rename guess_2_b_round guess_2_b
{txt} 35{com}.     rename invest_round invest
{txt} 36{com}.     rename success_round success 
{txt} 37{com}. 
.     rename treatment treat_block 
{txt} 38{com}. 
. 
.     //------ demographics and embedded data are left here-----------
. 
.     /* in this data, no one wrote in gender */
.     drop gender_6_text
{txt} 39{com}. 
.     // keep only choice and belief data demographics, and experiment setup parameters
.     keep responseid - recordeddate ///
>         rses* list_exp* race - gender ///
>         num_rounds invest_score treat* task_id* guess* actual* quiz* invest success
{txt} 40{com}. 
.     drop quiz_failed
{txt} 41{com}.     // get actual red numbers from merging the matrix set records, discard the embedded data.
.     drop actual_red*
{txt} 42{com}.     
. 
.     order responseid round guess* treat* task* invest success
{txt} 43{com}. 
.     //-------------------------------------------------
.     // create numeric dummies for treatment variables
.     //--------------------------------------------------
.     gen r_treat = 1 if treat_loop == "baseline"
{txt} 44{com}.     replace r_treat = 0 if treat_loop == "control"
{txt} 45{com}.     label var r_treat "treatment round"
{txt} 46{com}. 
.     gen b_treat = 1 if treat_block == "baseline"
{txt} 47{com}.     replace b_treat = 0 if treat_block == "control"
{txt} 48{com}.     label var b_treat "treatment block"
{txt} 49{com}. 
.     // make value labels for the treatment variables 
.     label define treatlab 0 "Control" 1 "Treatment"
{txt} 50{com}. 
.     label values r_treat treatlab
{txt} 51{com}.     label values b_treat treatlab
{txt} 52{com}. 
.     // drop the string vars
.     drop treat_block treat_loop 
{txt} 53{com}. 
.     rename task_id_loop task_id
{txt} 54{com}. 
.     //-----------------------------------------------------------------------------
.     // exclude subjects in the treatment who did not invest in the right direction according to prior
.     //-----------------------------------------------------------------------------
.     gen diff_1 = guess_1_a - guess_1_b
{txt} 55{com}.     gen dir_correct_round = 0
{txt} 56{com}.     replace dir_correct_round = 1 if (invest == "A" & diff_1 > 0 & r_treat==1) | (invest=="B" & diff_1 < 0 & r_treat==1) | (diff_1 == 0 & r_treat==1)
{txt} 57{com}.     replace dir_correct_round = 1 if r_treat == 0
{txt} 58{com}.     bysort responseid: egen dir_correct_subject = min(dir_correct_round)
{txt} 59{com}. 
. 
.     //--------------------------------------------------
.     // split into portfolio A and B and append
.     //--------------------------------------------------
.     preserve
{txt} 60{com}. 
.     // drop guesses for portfolio B
.     drop guess*b 
{txt} 61{com}.     rename guess_1_a prior 
{txt} 62{com}.     rename guess_2_a post
{txt} 63{com}.     // indicator for portfolio A
.     gen left = 1
{txt} 64{com}.     // a numeric var for invested in the portfolio in the round
.     gen invest_temp = 1 if invest == "A"
{txt} 65{com}.     replace invest_temp = 0 if invest=="B"
{txt} 66{com}.     drop invest 
{txt} 67{com}.     rename invest_temp invest 
{txt} 68{com}. 
.     tempfile `pilotnum'a
{txt} 69{com}.     save ``pilotnum'a', replace 
{txt} 70{com}. 
.     restore
{txt} 71{com}. 
.     drop guess*a 
{txt} 72{com}.     rename guess_1_b prior 
{txt} 73{com}.     rename guess_2_b post 
{txt} 74{com}.     gen left = 0 
{txt} 75{com}. 
.     gen invest_temp = 1 if invest == "A"
{txt} 76{com}.     replace invest_temp = 0 if invest=="B"
{txt} 77{com}.     drop invest 
{txt} 78{com}.     rename invest_temp invest 
{txt} 79{com}. 
.     append using ``pilotnum'a'
{txt} 80{com}. 
. 
.     // there should now be 2 observations per round
. 
.     gen session_id = `pilotnum'
{txt} 81{com}.     rename responseid response_id
{txt} 82{com}. 
.     // merge on the matrix data
.     merge m:1 task_id left using $datadir/clean/matdata_set1_clean, nogen
{txt} 83{com}. 
.     order response_id session_id round task_id left *treat half full prior post invest success 
{txt} 84{com}. 
. 
.     label var left "Left Portfolio (Portfolio A)"
{txt} 85{com}.     label values left leftlab 
{txt} 86{com}. 
.     label var prior "Guess 1"
{txt} 87{com}.     label var post "Guess 2"
{txt} 88{com}. 
.     /* label define investlab 0 "Not Invested" 1 "Invested"
>     label values invest investlab */
. 
.     gen woman = 1 if gender == "Man"
{txt} 89{com}.     replace woman = 0 if gender == "Woman"
{txt} 90{com}.     drop gender 
{txt} 91{com}. 
.     /* sort response_id task_id left
>     bysort response_id task_id: gen alt_post = post[2] if _n==1
>     bysort response_id task_id: replace alt_post = post[1] if _n==2
>     bysort response_id task_id: gen alt_full = full[2] if _n==1
>     bysort response_id task_id: replace alt_full = full[1] if _n==2
> 
>     bysort response_id task_id: gen alt_prior = prior[2] if _n==1
>     bysort response_id task_id: replace alt_prior = prior[1] if _n==2 */
. 
. 
.     gen post_error = post - full 
{txt} 92{com}. 
.     // recode the RSES scale
.     // these have the same rubric: strongly agree 3 to strongly disagree 0
.     foreach i in 1 3 4 7 10 {c -(}
{txt} 93{com}.         gen rses_`i'_sc = 0 if rses_`i' == "Strongly Disagree"
{txt} 94{com}.         replace rses_`i'_sc = 1 if rses_`i' == "Disagree"
{txt} 95{com}.         replace rses_`i'_sc = 2 if rses_`i' == "Agree"
{txt} 96{com}.         replace rses_`i'_sc = 3 if rses_`i' == "Strongly Agree"
{txt} 97{com}. 
.     {c )-}
{txt} 98{com}. 
.     // these have the same rubric: strongly agree 0 to strongly disagree 3
.     foreach i in 2 5 6 8 9 {c -(}
{txt} 99{com}.         gen rses_`i'_sc = 0 if rses_`i' == "Strongly Agree"
{txt}100{com}.         replace rses_`i'_sc = 1 if rses_`i' == "Agree"
{txt}101{com}.         replace rses_`i'_sc = 2 if rses_`i' == "Disagree"
{txt}102{com}.         replace rses_`i'_sc = 3 if rses_`i' == "Strongly Disagree"
{txt}103{com}.     {c )-}
{txt}104{com}. 
.     gen rses_sc = 0
{txt}105{com}.     forvalues i = 1/10 {c -(}
{txt}106{com}.         replace rses_sc = rses_sc + rses_`i'_sc
{txt}107{com}.     {c )-}
{txt}108{com}. 
.     drop rses_? rses_?_sc
{txt}109{com}. 
.     save $datadir/clean/pilot_`pilotnum'_init_clean.dta, replace
{txt}110{com}. {c )-}
{res}{text}(1,687 vars, 12 obs)
(1 observation deleted)
(1 observation deleted)
(0 observations deleted)
(0 observations deleted)
(0 observations deleted)
(1 observation deleted)
(0 observations deleted)
(1 real change made)
(4 real changes made)
(0 real changes made)
(0 real changes made)
(4 real changes made)
(5 real changes made)
(1 real change made)
(0 real changes made)
(2 real changes made)

    Variable {c |}        Obs        Mean    Std. Dev.       Min        Max
{hline 13}{c +}{hline 57}
{space 3}win_bonus {c |}{res}          9           4           0          4          4
{txt}(3 real changes made)
{res}{txt}file /Users/christinasun/Library/CloudStorage/Dropbox/Davis/Research_Projects/belief_distortion/data_local/clean/pilot4_bonus.csv saved
(note: j = 1 2 3 4 5 6 7 8 9 10)

Data{col 36}wide{col 43}->{col 48}long
{hline 77}
Number of obs.                 {res}       9   {txt}->{res}      90
{txt}Number of variables            {res}     195   {txt}->{res}     106
{txt}j variable (10 values)                    ->   {res}round
{txt}xij variables:
{res}treat_loop1 treat_loop2 ... treat_loop10  {txt}->   {res}treat_loop
task_id_loop1 task_id_loop2 ... task_id_loop10{txt}->{res}task_id_loop
guess_1_a_round1 guess_1_a_round2 ... guess_1_a_round10{txt}->{res}guess_1_a_round
guess_1_b_round1 guess_1_b_round2 ... guess_1_b_round10{txt}->{res}guess_1_b_round
actual_red_a_round1 actual_red_a_round2 ... actual_red_a_round10{txt}->{res}actual_red_a_round
actual_red_b_round1 actual_red_b_round2 ... actual_red_b_round10{txt}->{res}actual_red_b_round
guess_2_a_round1 guess_2_a_round2 ... guess_2_a_round10{txt}->{res}guess_2_a_round
guess_2_b_round1 guess_2_b_round2 ... guess_2_b_round10{txt}->{res}guess_2_b_round
invest_round1 invest_round2 ... invest_round10{txt}->{res}invest_round
success_round1 success_round2 ... success_round10{txt}->{res}success_round
{txt}{hline 77}
{res}{txt}(36 missing values generated)
(36 real changes made)
(30 missing values generated)
(30 real changes made)
{res}{txt}(50 real changes made)
(36 real changes made)
{res}{txt}(40 missing values generated)
(40 real changes made)
{res}{txt}(note: file /var/folders/2b/ktlsm5rd4w987t9sp7jylmg80000gn/T//S_80665.000005 not found)
file /var/folders/2b/ktlsm5rd4w987t9sp7jylmg80000gn/T//S_80665.000005 saved
{res}{txt}(40 missing values generated)
(40 real changes made)
{res}{txt}(label treatlab already defined)
{res}
{txt}{col 5}Result{col 38}# of obs.
{col 5}{hline 41}
{col 5}not matched{col 30}{res}               0
{txt}{col 5}matched{col 30}{res}             180{txt}  
{col 5}{hline 41}
(100 missing values generated)
(100 real changes made)
(180 missing values generated)
(40 real changes made)
(80 real changes made)
(60 real changes made)
(180 missing values generated)
(0 real changes made)
(80 real changes made)
(100 real changes made)
(180 missing values generated)
(40 real changes made)
(40 real changes made)
(100 real changes made)
(180 missing values generated)
(0 real changes made)
(80 real changes made)
(100 real changes made)
(180 missing values generated)
(40 real changes made)
(80 real changes made)
(60 real changes made)
(180 missing values generated)
(80 real changes made)
(20 real changes made)
(80 real changes made)
(180 missing values generated)
(20 real changes made)
(100 real changes made)
(60 real changes made)
(180 missing values generated)
(140 real changes made)
(0 real changes made)
(40 real changes made)
(180 missing values generated)
(100 real changes made)
(20 real changes made)
(60 real changes made)
(180 missing values generated)
(40 real changes made)
(40 real changes made)
(100 real changes made)
(180 real changes made)
(180 real changes made)
(180 real changes made)
(180 real changes made)
(180 real changes made)
(180 real changes made)
(180 real changes made)
(180 real changes made)
(180 real changes made)
(180 real changes made)
file /Users/christinasun/Library/CloudStorage/Dropbox/Davis/Research_Projects/belief_distortion/data_local/clean/pilot_4_init_clean.dta saved
{res}{text}(1,604 vars, 72 obs)
(0 observations deleted)
(0 observations deleted)
(0 observations deleted)
(7 observations deleted)
(1 observation deleted)
(19 observations deleted)
(0 observations deleted)
(3 real changes made)
(13 real changes made)
(2 real changes made)
(1 real change made)
(8 real changes made)
(20 real changes made)
(7 real changes made)
(1 real change made)
(10 real changes made)

    Variable {c |}        Obs        Mean    Std. Dev.       Min        Max
{hline 13}{c +}{hline 57}
{space 3}win_bonus {c |}{res}         45           4           0          4          4
{txt}(3 real changes made)
{res}{txt}file /Users/christinasun/Library/CloudStorage/Dropbox/Davis/Research_Projects/belief_distortion/data_local/clean/pilot5_bonus.csv saved
(note: j = 1 2 3 4 5 6 7 8 9 10)

Data{col 36}wide{col 43}->{col 48}long
{hline 77}
Number of obs.                 {res}      45   {txt}->{res}     450
{txt}Number of variables            {res}     200   {txt}->{res}     111
{txt}j variable (10 values)                    ->   {res}round
{txt}xij variables:
{res}treat_loop1 treat_loop2 ... treat_loop10  {txt}->   {res}treat_loop
task_id_loop1 task_id_loop2 ... task_id_loop10{txt}->{res}task_id_loop
guess_1_a_round1 guess_1_a_round2 ... guess_1_a_round10{txt}->{res}guess_1_a_round
guess_1_b_round1 guess_1_b_round2 ... guess_1_b_round10{txt}->{res}guess_1_b_round
actual_red_a_round1 actual_red_a_round2 ... actual_red_a_round10{txt}->{res}actual_red_a_round
actual_red_b_round1 actual_red_b_round2 ... actual_red_b_round10{txt}->{res}actual_red_b_round
guess_2_a_round1 guess_2_a_round2 ... guess_2_a_round10{txt}->{res}guess_2_a_round
guess_2_b_round1 guess_2_b_round2 ... guess_2_b_round10{txt}->{res}guess_2_b_round
invest_round1 invest_round2 ... invest_round10{txt}->{res}invest_round
success_round1 success_round2 ... success_round10{txt}->{res}success_round
{txt}{hline 77}
{res}{txt}(216 missing values generated)
(216 real changes made)
(210 missing values generated)
(210 real changes made)
{res}{txt}(218 real changes made)
(216 real changes made)
{res}{txt}(237 missing values generated)
(237 real changes made)
{res}{txt}(note: file /var/folders/2b/ktlsm5rd4w987t9sp7jylmg80000gn/T//S_80665.000008 not found)
file /var/folders/2b/ktlsm5rd4w987t9sp7jylmg80000gn/T//S_80665.000008 saved
{res}{txt}(237 missing values generated)
(237 real changes made)
{res}{txt}(label treatlab already defined)
{res}
{txt}{col 5}Result{col 38}# of obs.
{col 5}{hline 41}
{col 5}not matched{col 30}{res}               0
{txt}{col 5}matched{col 30}{res}             900{txt}  
{col 5}{hline 41}
(440 missing values generated)
(420 real changes made)
(840 missing values generated)
(240 real changes made)
(380 real changes made)
(220 real changes made)
(900 missing values generated)
(120 real changes made)
(420 real changes made)
(360 real changes made)
(860 missing values generated)
(140 real changes made)
(440 real changes made)
(280 real changes made)
(900 missing values generated)
(160 real changes made)
(420 real changes made)
(320 real changes made)
(780 missing values generated)
(180 real changes made)
(360 real changes made)
(240 real changes made)
(840 missing values generated)
(300 real changes made)
(260 real changes made)
(280 real changes made)
(800 missing values generated)
(220 real changes made)
(240 real changes made)
(340 real changes made)
(720 missing values generated)
(340 real changes made)
(80 real changes made)
(300 real changes made)
(600 missing values generated)
(220 real changes made)
(200 real changes made)
(180 real changes made)
(820 missing values generated)
(240 real changes made)
(200 real changes made)
(380 real changes made)
(840 real changes made)
(840 real changes made)
(900 real changes made)
(860 real changes made)
(800 real changes made)
(720 real changes made)
(900 real changes made)
(600 real changes made)
(820 real changes made)
(780 real changes made)
file /Users/christinasun/Library/CloudStorage/Dropbox/Davis/Research_Projects/belief_distortion/data_local/clean/pilot_5_init_clean.dta saved

{com}. 
. 
. 
. // append pilot4 and pilot5 data
. use $datadir/clean/pilot_4_init_clean.dta, clear 
{txt}
{com}. append using $datadir/clean/pilot_5_init_clean.dta
{txt}{p 0 7 2}
(note: variable
rses_10 was 
str14, now str17 to accommodate using data's values)
{p_end}
{p 0 7 2}
(note: variable
list_exp_1 was 
str5, now str8 to accommodate using data's values)
{p_end}
{p 0 7 2}
(note: variable
race was 
str25, now str67 to accommodate using data's values)
{p_end}
(label leftlab already defined)
(label treatlab already defined)

{com}. 
. 
. save $datadir/clean/pilot_4_5_append_init_clean.dta, replace 
{txt}file /Users/christinasun/Library/CloudStorage/Dropbox/Davis/Research_Projects/belief_distortion/data_local/clean/pilot_4_5_append_init_clean.dta saved

{com}. 
. 
. 
. 
. 
. 
. log close 
      {txt}name:  {res}<unnamed>
       {txt}log:  {res}/Users/christinasun/Library/CloudStorage/Dropbox/github_repos/belief_distortion/analysis/log_files/pilot/clean_pilot4_5.smcl
  {txt}log type:  {res}smcl
 {txt}closed on:  {res}21 Feb 2024, 18:24:37
{txt}{.-}
{smcl}
{txt}{sf}{ul off}